******************************************************************************
                  TI ARM Linker PC v5.2.4                      
******************************************************************************
>> Linked Sat Aug 22 16:55:07 2015

OUTPUT FILE NAME:   <ti_rtos_jc.out>
ENTRY POINT SYMBOL: "_c_int00"  address: 00000685


MEMORY CONFIGURATION

         name            origin    length      used     unused   attr    fill
----------------------  --------  ---------  --------  --------  ----  --------
  FLASH                 00000000   00040000  0000080c  0003f7f4  R  X
  SRAM                  20000000   00008000  0000409c  00003f64  RW X


SEGMENT ALLOCATION MAP

run origin  load origin   length   init length attrs members
----------  ----------- ---------- ----------- ----- -------
00000000    00000000    00000810   00000810    r-x
  00000000    00000000    0000026c   0000026c    r-- .intvecs
  0000026c    0000026c    00000568   00000568    r-x .text
  000007d8    000007d8    00000038   00000038    r-- .cinit
20000000    20000000    0000409c   00000000    rw-
  20000000    20000000    00004000   00000000    rw- .stack
  20004000    20004000    00000088   00000000    rw- .bss
  20004088    20004088    00000014   00000000    rw- .data


SECTION ALLOCATION MAP

 output                                  attributes/
section   page    origin      length       input sections
--------  ----  ----------  ----------   ----------------
.intvecs   0    00000000    0000026c     
                  00000000    0000026c     tm4c123gh6pm_startup_ccs.obj (.intvecs)

.text      0    0000026c    00000568     
                  0000026c    000001bc     rtos_init.obj (.text)
                  00000428    0000009c     rtsv7M4_T_le_v4SPD16_eabi.lib : memcpy_t2.obj (.text)
                  000004c4    0000007a                                   : memset_t2.obj (.text)
                  0000053e    00000002     --HOLE-- [fill = 0]
                  00000540    0000006c     contextSwitch.obj (.text)
                  000005ac    0000006c     rtsv7M4_T_le_v4SPD16_eabi.lib : autoinit.obj (.text)
                  00000618    0000006a                                   : copy_decompress_rle.obj (.text)
                  00000682    00000002     --HOLE-- [fill = 0]
                  00000684    00000050                                   : boot.obj (.text)
                  000006d4    0000004c                                   : cpy_tbl.obj (.text)
                  00000720    00000044                                   : exit.obj (.text)
                  00000764    00000018                                   : args_main.obj (.text)
                  0000077c    00000014     main.obj (.text)
                  00000790    00000014     rtsv7M4_T_le_v4SPD16_eabi.lib : _lock.obj (.text)
                  000007a4    0000000e                                   : copy_decompress_none.obj (.text:decompress:none)
                  000007b2    0000000c                                   : copy_zero_init.obj (.text:decompress:ZI)
                  000007be    0000000c     tm4c123gh6pm_startup_ccs.obj (.text)
                  000007ca    00000006     rtsv7M4_T_le_v4SPD16_eabi.lib : copy_decompress_rle.obj (.text:decompress:rle24)
                  000007d0    00000004                                   : pre_init.obj (.text)

.cinit     0    000007d8    00000038     
                  000007d8    0000000f     (.cinit..data.load) [load image, compression = rle]
                  000007e7    00000001     --HOLE-- [fill = 0]
                  000007e8    0000000c     (__TI_handler_table)
                  000007f4    00000004     --HOLE-- [fill = 0]
                  000007f8    00000008     (.cinit..bss.load) [load image, compression = zero_init]
                  00000800    00000010     (__TI_cinit_table)

.init_array 
*          0    00000000    00000000     UNINITIALIZED

.stack     0    20000000    00004000     UNINITIALIZED
                  20000000    00004000     --HOLE--

.bss       0    20004000    00000088     UNINITIALIZED
                  20004000    00000078     rtos_init.obj (.bss:ThreadList)
                  20004078    0000000c     (.common:OsThread)
                  20004084    00000004     (.common:nextStack)

.TI.noinit 
*          0    20004000    00000000     UNINITIALIZED

.data      0    20004088    00000014     UNINITIALIZED
                  20004088    00000008     rtsv7M4_T_le_v4SPD16_eabi.lib : _lock.obj (.data)
                  20004090    00000008                                   : exit.obj (.data)
                  20004098    00000004                                   : stkdepth_vars.obj (.data)

.TI.persistent 
*          0    20004088    00000000     UNINITIALIZED


LINKER GENERATED COPY TABLES

__TI_cinit_table @ 00000800 records: 2, size/record: 8, table size: 16
	.data: load addr=000007d8, load size=0000000f bytes, run addr=20004088, run size=00000014 bytes, compression=rle
	.bss: load addr=000007f8, load size=00000008 bytes, run addr=20004000, run size=00000088 bytes, compression=zero_init


LINKER GENERATED HANDLER TABLE

__TI_handler_table @ 000007e8 records: 3, size/record: 4, table size: 12
	index: 0, handler: __TI_decompress_rle24
	index: 1, handler: __TI_decompress_none
	index: 2, handler: __TI_zero_init


GLOBAL SYMBOLS: SORTED ALPHABETICALLY BY Name 

address   name                    
-------   ----                    
00000721  C$$EXIT                 
00000365  ContextSwitch           
000003b7  ContextSwitchEnd        
000002e9  CreateThread            
0000026d  InitApplication         
00000541  InitRtos                
000005ad  OsReturn                
20004078  OsThread                
000007bf  ResetISR                
00000567  RestoreRegisters        
UNDEFED   SHT$$INIT_ARRAY$$Base   
UNDEFED   SHT$$INIT_ARRAY$$Limit  
0000057d  SVCallTopLevelHandler   
00000559  SaveRegisters           
0000054b  SpawnThread             
0000078b  TestFn                  
20004000  ThreadList              
20004000  __STACK_END             
00004000  __STACK_SIZE            
20000200  __STACK_TOP             
00000800  __TI_CINIT_Base         
00000810  __TI_CINIT_Limit        
000007e8  __TI_Handler_Table_Base 
000007f4  __TI_Handler_Table_Limit
000005ad  __TI_auto_init          
20004090  __TI_cleanup_ptr        
000007a5  __TI_decompress_none    
000007cb  __TI_decompress_rle24   
20004094  __TI_dtors_ptr          
00000000  __TI_static_base__      
000007b3  __TI_zero_init          
000004c5  __aeabi_memclr          
000004c5  __aeabi_memclr4         
000004c5  __aeabi_memclr8         
00000429  __aeabi_memcpy          
00000429  __aeabi_memcpy4         
00000429  __aeabi_memcpy8         
000004c7  __aeabi_memset          
000004c7  __aeabi_memset4         
000004c7  __aeabi_memset8         
ffffffff  __binit__               
ffffffff  __c_args__              
20000000  __stack                 
00000765  _args_main              
00000685  _c_int00                
20004088  _lock                   
0000079f  _nop                    
00000797  _register_lock          
00000791  _register_unlock        
000007d1  _system_pre_init        
2000408c  _unlock                 
00000725  abort                   
ffffffff  binit                   
000006d5  copy_in                 
0000072d  exit                    
00000000  g_pfnVectors            
0000077d  main                    
20004098  main_func_sp            
00000429  memcpy                  
000004cd  memset                  
20004084  nextStack               


GLOBAL SYMBOLS: SORTED BY Symbol Address 

address   name                    
-------   ----                    
00000000  __TI_static_base__      
00000000  g_pfnVectors            
0000026d  InitApplication         
000002e9  CreateThread            
00000365  ContextSwitch           
000003b7  ContextSwitchEnd        
00000429  __aeabi_memcpy          
00000429  __aeabi_memcpy4         
00000429  __aeabi_memcpy8         
00000429  memcpy                  
000004c5  __aeabi_memclr          
000004c5  __aeabi_memclr4         
000004c5  __aeabi_memclr8         
000004c7  __aeabi_memset          
000004c7  __aeabi_memset4         
000004c7  __aeabi_memset8         
000004cd  memset                  
00000541  InitRtos                
0000054b  SpawnThread             
00000559  SaveRegisters           
00000567  RestoreRegisters        
0000057d  SVCallTopLevelHandler   
000005ad  OsReturn                
000005ad  __TI_auto_init          
00000685  _c_int00                
000006d5  copy_in                 
00000721  C$$EXIT                 
00000725  abort                   
0000072d  exit                    
00000765  _args_main              
0000077d  main                    
0000078b  TestFn                  
00000791  _register_unlock        
00000797  _register_lock          
0000079f  _nop                    
000007a5  __TI_decompress_none    
000007b3  __TI_zero_init          
000007bf  ResetISR                
000007cb  __TI_decompress_rle24   
000007d1  _system_pre_init        
000007e8  __TI_Handler_Table_Base 
000007f4  __TI_Handler_Table_Limit
00000800  __TI_CINIT_Base         
00000810  __TI_CINIT_Limit        
00004000  __STACK_SIZE            
20000000  __stack                 
20000200  __STACK_TOP             
20004000  ThreadList              
20004000  __STACK_END             
20004078  OsThread                
20004084  nextStack               
20004088  _lock                   
2000408c  _unlock                 
20004090  __TI_cleanup_ptr        
20004094  __TI_dtors_ptr          
20004098  main_func_sp            
ffffffff  __binit__               
ffffffff  __c_args__              
ffffffff  binit                   
UNDEFED   SHT$$INIT_ARRAY$$Base   
UNDEFED   SHT$$INIT_ARRAY$$Limit  

[61 symbols]
